2026-02-14T21:13:32.6869717Z Current runner version: '2.331.0'
2026-02-14T21:13:32.6908309Z ##[group]Runner Image Provisioner
2026-02-14T21:13:32.6909707Z Hosted Compute Agent
2026-02-14T21:13:32.6910752Z Version: 20260123.484
2026-02-14T21:13:32.6911807Z Commit: 6bd6555ca37d84114959e1c76d2c01448ff61c5d
2026-02-14T21:13:32.6913196Z Build Date: 2026-01-23T19:41:17Z
2026-02-14T21:13:32.6914501Z Worker ID: {efb5335b-9c8b-49a5-92dd-8f17324d447e}
2026-02-14T21:13:32.6915774Z Azure Region: northcentralus
2026-02-14T21:13:32.6916713Z ##[endgroup]
2026-02-14T21:13:32.6919348Z ##[group]Operating System
2026-02-14T21:13:32.6920401Z Ubuntu
2026-02-14T21:13:32.6921261Z 24.04.3
2026-02-14T21:13:32.6922023Z LTS
2026-02-14T21:13:32.6922829Z ##[endgroup]
2026-02-14T21:13:32.6923825Z ##[group]Runner Image
2026-02-14T21:13:32.6924964Z Image: ubuntu-24.04
2026-02-14T21:13:32.6925961Z Version: 20260209.23.1
2026-02-14T21:13:32.6928111Z Included Software: https://github.com/actions/runner-images/blob/ubuntu24/20260209.23/images/ubuntu/Ubuntu2404-Readme.md
2026-02-14T21:13:32.6930772Z Image Release: https://github.com/actions/runner-images/releases/tag/ubuntu24%2F20260209.23
2026-02-14T21:13:32.6932583Z ##[endgroup]
2026-02-14T21:13:32.6934784Z ##[group]GITHUB_TOKEN Permissions
2026-02-14T21:13:32.6937976Z Contents: read
2026-02-14T21:13:32.6938818Z Metadata: read
2026-02-14T21:13:32.6939767Z Packages: read
2026-02-14T21:13:32.6940759Z ##[endgroup]
2026-02-14T21:13:32.6944029Z Secret source: Actions
2026-02-14T21:13:32.6945142Z Prepare workflow directory
2026-02-14T21:13:32.7430028Z Prepare all required actions
2026-02-14T21:13:32.7489734Z Getting action download info
2026-02-14T21:13:33.0645735Z Download action repository 'actions/checkout@v4' (SHA:34e114876b0b11c390a56381ad16ebd13914f8d5)
2026-02-14T21:13:33.1991780Z Download action repository 'pnpm/action-setup@v4' (SHA:41ff72655975bd51cab0327fa583b6e92b6d3061)
2026-02-14T21:13:33.5945688Z Download action repository 'actions/setup-node@v4' (SHA:49933ea5288caeca8642d1e84afbd3f7d6820020)
2026-02-14T21:13:33.8019317Z Complete job name: build
2026-02-14T21:13:33.8770512Z ##[group]Run actions/checkout@v4
2026-02-14T21:13:33.8771414Z with:
2026-02-14T21:13:33.8771917Z   repository: LoFi-Monk/github-project-management
2026-02-14T21:13:33.8772758Z   token: ***
2026-02-14T21:13:33.8773440Z   ssh-strict: true
2026-02-14T21:13:33.8773869Z   ssh-user: git
2026-02-14T21:13:33.8774299Z   persist-credentials: true
2026-02-14T21:13:33.8774776Z   clean: true
2026-02-14T21:13:33.8775217Z   sparse-checkout-cone-mode: true
2026-02-14T21:13:33.8775738Z   fetch-depth: 1
2026-02-14T21:13:33.8776149Z   fetch-tags: false
2026-02-14T21:13:33.8776607Z   show-progress: true
2026-02-14T21:13:33.8777042Z   lfs: false
2026-02-14T21:13:33.8777436Z   submodules: false
2026-02-14T21:13:33.8777875Z   set-safe-directory: true
2026-02-14T21:13:33.8778614Z ##[endgroup]
2026-02-14T21:13:33.9906410Z Syncing repository: LoFi-Monk/github-project-management
2026-02-14T21:13:33.9909611Z ##[group]Getting Git version info
2026-02-14T21:13:33.9911500Z Working directory is '/home/runner/work/github-project-management/github-project-management'
2026-02-14T21:13:33.9914161Z [command]/usr/bin/git version
2026-02-14T21:13:33.9919965Z git version 2.52.0
2026-02-14T21:13:33.9947062Z ##[endgroup]
2026-02-14T21:13:33.9961786Z Temporarily overriding HOME='/home/runner/work/_temp/ef546c26-c7fa-4bec-a9d3-6b12a24c2406' before making global git config changes
2026-02-14T21:13:33.9963570Z Adding repository directory to the temporary git global config as a safe directory
2026-02-14T21:13:33.9967809Z [command]/usr/bin/git config --global --add safe.directory /home/runner/work/github-project-management/github-project-management
2026-02-14T21:13:34.0011626Z Deleting the contents of '/home/runner/work/github-project-management/github-project-management'
2026-02-14T21:13:34.0015611Z ##[group]Initializing the repository
2026-02-14T21:13:34.0020238Z [command]/usr/bin/git init /home/runner/work/github-project-management/github-project-management
2026-02-14T21:13:34.0138795Z hint: Using 'master' as the name for the initial branch. This default branch name
2026-02-14T21:13:34.0140633Z hint: will change to "main" in Git 3.0. To configure the initial branch name
2026-02-14T21:13:34.0142165Z hint: to use in all of your new repositories, which will suppress this warning,
2026-02-14T21:13:34.0143760Z hint: call:
2026-02-14T21:13:34.0144494Z hint:
2026-02-14T21:13:34.0145551Z hint: 	git config --global init.defaultBranch <name>
2026-02-14T21:13:34.0146773Z hint:
2026-02-14T21:13:34.0147892Z hint: Names commonly chosen instead of 'master' are 'main', 'trunk' and
2026-02-14T21:13:34.0149805Z hint: 'development'. The just-created branch can be renamed via this command:
2026-02-14T21:13:34.0151304Z hint:
2026-02-14T21:13:34.0152058Z hint: 	git branch -m <name>
2026-02-14T21:13:34.0153174Z hint:
2026-02-14T21:13:34.0154373Z hint: Disable this message with "git config set advice.defaultBranchName false"
2026-02-14T21:13:34.0156944Z Initialized empty Git repository in /home/runner/work/github-project-management/github-project-management/.git/
2026-02-14T21:13:34.0160803Z [command]/usr/bin/git remote add origin https://github.com/LoFi-Monk/github-project-management
2026-02-14T21:13:34.0198120Z ##[endgroup]
2026-02-14T21:13:34.0199449Z ##[group]Disabling automatic garbage collection
2026-02-14T21:13:34.0203348Z [command]/usr/bin/git config --local gc.auto 0
2026-02-14T21:13:34.0235378Z ##[endgroup]
2026-02-14T21:13:34.0236740Z ##[group]Setting up auth
2026-02-14T21:13:34.0243669Z [command]/usr/bin/git config --local --name-only --get-regexp core\.sshCommand
2026-02-14T21:13:34.0277925Z [command]/usr/bin/git submodule foreach --recursive sh -c "git config --local --name-only --get-regexp 'core\.sshCommand' && git config --local --unset-all 'core.sshCommand' || :"
2026-02-14T21:13:34.0671995Z [command]/usr/bin/git config --local --name-only --get-regexp http\.https\:\/\/github\.com\/\.extraheader
2026-02-14T21:13:34.0707759Z [command]/usr/bin/git submodule foreach --recursive sh -c "git config --local --name-only --get-regexp 'http\.https\:\/\/github\.com\/\.extraheader' && git config --local --unset-all 'http.https://github.com/.extraheader' || :"
2026-02-14T21:13:34.0957335Z [command]/usr/bin/git config --local --name-only --get-regexp ^includeIf\.gitdir:
2026-02-14T21:13:34.0991344Z [command]/usr/bin/git submodule foreach --recursive git config --local --show-origin --name-only --get-regexp remote.origin.url
2026-02-14T21:13:34.1231957Z [command]/usr/bin/git config --local http.https://github.com/.extraheader AUTHORIZATION: basic ***
2026-02-14T21:13:34.1270956Z ##[endgroup]
2026-02-14T21:13:34.1272050Z ##[group]Fetching the repository
2026-02-14T21:13:34.1280928Z [command]/usr/bin/git -c protocol.version=2 fetch --no-tags --prune --no-recurse-submodules --depth=1 origin +19c63715ddbe1ce8cf42c6783770d613f779b2e9:refs/remotes/pull/7/merge
2026-02-14T21:13:34.4251106Z From https://github.com/LoFi-Monk/github-project-management
2026-02-14T21:13:34.4253603Z  * [new ref]         19c63715ddbe1ce8cf42c6783770d613f779b2e9 -> pull/7/merge
2026-02-14T21:13:34.4289875Z ##[endgroup]
2026-02-14T21:13:34.4291066Z ##[group]Determining the checkout info
2026-02-14T21:13:34.4292847Z ##[endgroup]
2026-02-14T21:13:34.4297668Z [command]/usr/bin/git sparse-checkout disable
2026-02-14T21:13:34.4344879Z [command]/usr/bin/git config --local --unset-all extensions.worktreeConfig
2026-02-14T21:13:34.4373824Z ##[group]Checking out the ref
2026-02-14T21:13:34.4378168Z [command]/usr/bin/git checkout --progress --force refs/remotes/pull/7/merge
2026-02-14T21:13:34.4477184Z Note: switching to 'refs/remotes/pull/7/merge'.
2026-02-14T21:13:34.4478441Z 
2026-02-14T21:13:34.4479491Z You are in 'detached HEAD' state. You can look around, make experimental
2026-02-14T21:13:34.4482047Z changes and commit them, and you can discard any commits you make in this
2026-02-14T21:13:34.4484220Z state without impacting any branches by switching back to a branch.
2026-02-14T21:13:34.4485175Z 
2026-02-14T21:13:34.4486120Z If you want to create a new branch to retain commits you create, you may
2026-02-14T21:13:34.4488825Z do so (now or later) by using -c with the switch command. Example:
2026-02-14T21:13:34.4490078Z 
2026-02-14T21:13:34.4490417Z   git switch -c <new-branch-name>
2026-02-14T21:13:34.4490988Z 
2026-02-14T21:13:34.4491306Z Or undo this operation with:
2026-02-14T21:13:34.4491839Z 
2026-02-14T21:13:34.4492114Z   git switch -
2026-02-14T21:13:34.4492528Z 
2026-02-14T21:13:34.4493545Z Turn off this advice by setting config variable advice.detachedHead to false
2026-02-14T21:13:34.4494700Z 
2026-02-14T21:13:34.4495956Z HEAD is now at 19c6371 Merge 96fe3317a800e5dd41bd17b3a0f56c7d8aeedb41 into 4441363d5ef286e0fc9102a3852eda3c04791da6
2026-02-14T21:13:34.4500004Z ##[endgroup]
2026-02-14T21:13:34.4528823Z [command]/usr/bin/git log -1 --format=%H
2026-02-14T21:13:34.4553896Z 19c63715ddbe1ce8cf42c6783770d613f779b2e9
2026-02-14T21:13:34.4838484Z ##[group]Run pnpm/action-setup@v4
2026-02-14T21:13:34.4839792Z with:
2026-02-14T21:13:34.4840778Z   dest: ~/setup-pnpm
2026-02-14T21:13:34.4841853Z   run_install: null
2026-02-14T21:13:34.4842857Z   package_json_file: package.json
2026-02-14T21:13:34.4844330Z   standalone: false
2026-02-14T21:13:34.4845339Z ##[endgroup]
2026-02-14T21:13:34.5416354Z ##[group]Running self-installer...
2026-02-14T21:13:35.0908083Z Progress: resolved 1, reused 0, downloaded 0, added 0
2026-02-14T21:13:35.0996638Z Packages: +1
2026-02-14T21:13:35.5359044Z +
2026-02-14T21:13:35.5361509Z Progress: resolved 1, reused 0, downloaded 1, added 1, done
2026-02-14T21:13:35.5619470Z 
2026-02-14T21:13:35.5620629Z dependencies:
2026-02-14T21:13:35.5621737Z + pnpm 9.1.1 (10.29.3 is available)
2026-02-14T21:13:35.5622864Z 
2026-02-14T21:13:35.5748792Z Done in 852ms
2026-02-14T21:13:35.5937588Z ##[endgroup]
2026-02-14T21:13:35.5940521Z Installation Completed!
2026-02-14T21:13:35.6281842Z ##[group]Run actions/setup-node@v4
2026-02-14T21:13:35.6283074Z with:
2026-02-14T21:13:35.6283784Z   node-version: 20
2026-02-14T21:13:35.6284565Z   cache: pnpm
2026-02-14T21:13:35.6285346Z   always-auth: false
2026-02-14T21:13:35.6286163Z   check-latest: false
2026-02-14T21:13:35.6287264Z   token: ***
2026-02-14T21:13:35.6287974Z env:
2026-02-14T21:13:35.6288859Z   PNPM_HOME: /home/runner/setup-pnpm/node_modules/.bin
2026-02-14T21:13:35.6290068Z ##[endgroup]
2026-02-14T21:13:35.8226549Z Found in cache @ /opt/hostedtoolcache/node/20.20.0/x64
2026-02-14T21:13:35.8233235Z ##[group]Environment details
2026-02-14T21:13:36.2295895Z node: v20.20.0
2026-02-14T21:13:36.2297466Z npm: 10.8.2
2026-02-14T21:13:36.2298634Z yarn: 1.22.22
2026-02-14T21:13:36.2300951Z ##[endgroup]
2026-02-14T21:13:36.2323897Z [command]/home/runner/setup-pnpm/node_modules/.bin/pnpm store path --silent
2026-02-14T21:13:36.6539502Z /home/runner/setup-pnpm/node_modules/.bin/store/v3
2026-02-14T21:13:36.7932097Z Cache hit for: node-cache-Linux-x64-pnpm-0184b80b901936aaab4334732d36be12c42976d685dd50d5c240635bf5bd7c24
2026-02-14T21:13:37.9239769Z Received 53051652 of 61440260 (86.3%), 50.6 MBs/sec
2026-02-14T21:13:38.9245755Z Received 53051652 of 61440260 (86.3%), 25.3 MBs/sec
2026-02-14T21:13:39.2442210Z Received 61440260 of 61440260 (100.0%), 25.3 MBs/sec
2026-02-14T21:13:39.2443750Z Cache Size: ~59 MB (61440260 B)
2026-02-14T21:13:39.2485950Z [command]/usr/bin/tar -xf /home/runner/work/_temp/e1cbb0b4-d323-44d5-9da9-a098f01361bc/cache.tzst -P -C /home/runner/work/github-project-management/github-project-management --use-compress-program unzstd
2026-02-14T21:13:39.6504249Z Cache restored successfully
2026-02-14T21:13:39.6643608Z Cache restored from key: node-cache-Linux-x64-pnpm-0184b80b901936aaab4334732d36be12c42976d685dd50d5c240635bf5bd7c24
2026-02-14T21:13:39.6816172Z ##[group]Run pnpm install
2026-02-14T21:13:39.6816521Z [36;1mpnpm install[0m
2026-02-14T21:13:39.6879377Z shell: /usr/bin/bash -e {0}
2026-02-14T21:13:39.6879659Z env:
2026-02-14T21:13:39.6879925Z   PNPM_HOME: /home/runner/setup-pnpm/node_modules/.bin
2026-02-14T21:13:39.6880233Z ##[endgroup]
2026-02-14T21:13:40.1200090Z Scope: all 3 workspace projects
2026-02-14T21:13:40.1658700Z Lockfile is up to date, resolution step is skipped
2026-02-14T21:13:40.1999820Z Progress: resolved 1, reused 0, downloaded 0, added 0
2026-02-14T21:13:40.2474445Z Packages: +166
2026-02-14T21:13:40.2476629Z ++++++++++++++++++++++++++++++++++++++++++++++++++++++++++++++++++++++++++++++++
2026-02-14T21:13:40.5064176Z Progress: resolved 166, reused 166, downloaded 0, added 166, done
2026-02-14T21:13:40.8678974Z 
2026-02-14T21:13:40.8679896Z devDependencies:
2026-02-14T21:13:40.8683281Z + @biomejs/biome 2.3.15
2026-02-14T21:13:40.8683903Z + @vitest/coverage-v8 2.1.9
2026-02-14T21:13:40.8684457Z + husky 9.1.7
2026-02-14T21:13:40.8687885Z + lint-staged 16.2.7
2026-02-14T21:13:40.8688333Z + typescript 5.9.3
2026-02-14T21:13:40.8688698Z + vitest 2.1.9
2026-02-14T21:13:40.8688843Z 
2026-02-14T21:13:40.8777925Z . prepare$ husky
2026-02-14T21:13:40.9303340Z . prepare: Done
2026-02-14T21:13:40.9374399Z Done in 1.2s
2026-02-14T21:13:40.9639493Z ##[group]Run pnpm lint
2026-02-14T21:13:40.9639774Z [36;1mpnpm lint[0m
2026-02-14T21:13:40.9688641Z shell: /usr/bin/bash -e {0}
2026-02-14T21:13:40.9688875Z env:
2026-02-14T21:13:40.9689117Z   PNPM_HOME: /home/runner/setup-pnpm/node_modules/.bin
2026-02-14T21:13:40.9689417Z ##[endgroup]
2026-02-14T21:13:41.3813297Z 
2026-02-14T21:13:41.3814436Z > lofi-project-management@ lint /home/runner/work/github-project-management/github-project-management
2026-02-14T21:13:41.3815112Z > biome check .
2026-02-14T21:13:41.3815258Z 
2026-02-14T21:13:41.4519745Z Checked 23 files in 18ms. No fixes applied.
2026-02-14T21:13:41.4695511Z ##[group]Run pnpm typecheck
2026-02-14T21:13:41.4695798Z [36;1mpnpm typecheck[0m
2026-02-14T21:13:41.4744652Z shell: /usr/bin/bash -e {0}
2026-02-14T21:13:41.4744901Z env:
2026-02-14T21:13:41.4745154Z   PNPM_HOME: /home/runner/setup-pnpm/node_modules/.bin
2026-02-14T21:13:41.4745471Z ##[endgroup]
2026-02-14T21:13:41.8777189Z 
2026-02-14T21:13:41.8778547Z > lofi-project-management@ typecheck /home/runner/work/github-project-management/github-project-management
2026-02-14T21:13:41.8779756Z > pnpm -r typecheck
2026-02-14T21:13:41.8780004Z 
2026-02-14T21:13:42.3112476Z Scope: 2 of 3 workspace projects
2026-02-14T21:13:42.3138582Z packages/core typecheck$ tsc --noEmit
2026-02-14T21:13:44.1048054Z packages/core typecheck: Done
2026-02-14T21:13:44.1058416Z apps/server typecheck$ tsc --noEmit
2026-02-14T21:13:45.6454132Z ##[error]apps/server typecheck: src/repositories/BoardRepository.ts(108,26): error TS2345: Argument of type 'unknown' is not assignable to parameter of type 'string'.
2026-02-14T21:13:45.6467957Z ##[error]apps/server typecheck: src/repositories/BoardRepository.ts(109,29): error TS2345: Argument of type 'unknown' is not assignable to parameter of type 'string'.
2026-02-14T21:13:45.6471015Z ##[error]apps/server typecheck: src/repositories/BoardRepository.ts(113,50): error TS2345: Argument of type '{}' is not assignable to parameter of type 'string'.
2026-02-14T21:13:45.6473224Z ##[error]apps/server typecheck: src/repositories/BoardRepository.ts(114,52): error TS2345: Argument of type '{}' is not assignable to parameter of type 'string'.
2026-02-14T21:13:45.6475936Z ##[error]apps/server typecheck: src/repositories/CardRepository.ts(137,26): error TS2345: Argument of type 'unknown' is not assignable to parameter of type 'string'.
2026-02-14T21:13:45.6477862Z ##[error]apps/server typecheck: src/repositories/CardRepository.ts(138,29): error TS2345: Argument of type 'unknown' is not assignable to parameter of type 'string'.
2026-02-14T21:13:45.6479694Z ##[error]apps/server typecheck: src/repositories/CardRepository.ts(142,50): error TS2345: Argument of type '{}' is not assignable to parameter of type 'string'.
2026-02-14T21:13:45.6481534Z ##[error]apps/server typecheck: src/repositories/CardRepository.ts(143,52): error TS2345: Argument of type '{}' is not assignable to parameter of type 'string'.
2026-02-14T21:13:45.6582285Z apps/server typecheck: Failed
2026-02-14T21:13:45.6595491Z /home/runner/work/github-project-management/github-project-management/apps/server:
2026-02-14T21:13:45.6597645Z  ERR_PNPM_RECURSIVE_RUN_FIRST_FAIL  @lofi-pm/server@0.0.0 typecheck: `tsc --noEmit`
2026-02-14T21:13:45.6598113Z Exit status 2
2026-02-14T21:13:45.6791642Z  ELIFECYCLE  Command failed with exit code 2.
2026-02-14T21:13:45.6983789Z ##[error]Process completed with exit code 2.
2026-02-14T21:13:45.7057359Z Post job cleanup.
2026-02-14T21:13:45.7613237Z Pruning is unnecessary.
2026-02-14T21:13:45.7740237Z Post job cleanup.
2026-02-14T21:13:45.8721424Z [command]/usr/bin/git version
2026-02-14T21:13:45.8765627Z git version 2.52.0
2026-02-14T21:13:45.8811075Z Temporarily overriding HOME='/home/runner/work/_temp/01d50f9f-c222-4cf6-ac89-11d59c05a339' before making global git config changes
2026-02-14T21:13:45.8812714Z Adding repository directory to the temporary git global config as a safe directory
2026-02-14T21:13:45.8818381Z [command]/usr/bin/git config --global --add safe.directory /home/runner/work/github-project-management/github-project-management
2026-02-14T21:13:45.8856622Z [command]/usr/bin/git config --local --name-only --get-regexp core\.sshCommand
2026-02-14T21:13:45.8892217Z [command]/usr/bin/git submodule foreach --recursive sh -c "git config --local --name-only --get-regexp 'core\.sshCommand' && git config --local --unset-all 'core.sshCommand' || :"
2026-02-14T21:13:45.9142476Z [command]/usr/bin/git config --local --name-only --get-regexp http\.https\:\/\/github\.com\/\.extraheader
2026-02-14T21:13:45.9166000Z http.https://github.com/.extraheader
2026-02-14T21:13:45.9179590Z [command]/usr/bin/git config --local --unset-all http.https://github.com/.extraheader
2026-02-14T21:13:45.9215115Z [command]/usr/bin/git submodule foreach --recursive sh -c "git config --local --name-only --get-regexp 'http\.https\:\/\/github\.com\/\.extraheader' && git config --local --unset-all 'http.https://github.com/.extraheader' || :"
2026-02-14T21:13:45.9478534Z [command]/usr/bin/git config --local --name-only --get-regexp ^includeIf\.gitdir:
2026-02-14T21:13:45.9493507Z [command]/usr/bin/git submodule foreach --recursive git config --local --show-origin --name-only --get-regexp remote.origin.url
2026-02-14T21:13:45.9853542Z Cleaning up orphan processes
